File is empty. Retrying... (1/3)
Keyword 'errorecho' found 0 times in test.log

Last 5 matching lines:
----------------------
Keyword 'errorecho' found 0 times in test.log
